
> raseplus@0.1.0 build
> next build

Γû▓ Next.js 16.1.6 (Turbopack)

  Creating an optimized production build ...
node.exe : 
At line:1 char:1
+ & "C:\Program 
Files\nodejs/node.exe" 
"C:\Program 
Files\nodejs/node_mo ...
+ ~~~~~~~~~~~~~~~~~~~~~~
~~~~~~~~~~~~~~~~~~~~~~~~
~~~~~~~~~~~~~~~~~~~~~~~
    + CategoryInfo      
        : NotSpeci    
fied: (:String) [    ], 
RemoteExceptio    n
    + FullyQualifiedE   
 rrorId : NativeCo    
mmandError
 
> Build error occurred
Error: Turbopack build 
failed with 4 errors:
./components/3d/Backgrou
ndScene.tsx:5:1
Module not found: Can't 
resolve 
'@react-three/drei'
[0m [90m 3 |[39m 
[36mimport[39m { 
useMemo[33m,[39m 
useRef } [36mfrom[39m 
[32m'react'[39m[33m;
[39m
 [90m 4 |[39m 
[36mimport[39m { [33m
Canvas[39m[33m,[39m 
useFrame } 
[36mfrom[39m [32m'@re
act-three/fiber'[39m[3
3m;[39m
[31m[1m>[22m[39m[90
m 5 |[39m 
[36mimport[39m { [33m
Float[39m[33m,[39m 
[33mStars[39m } 
[36mfrom[39m [32m'@re
act-three/drei'[39m[33
m;[39m
 [90m   |[39m [31m[1
m^[22m[39m[31m[1m^[
22m[39m[31m[1m^[22m
[39m[31m[1m^[22m[39m
[31m[1m^[22m[39m[31
m[1m^[22m[39m[31m[1
m^[22m[39m[31m[1m^[
22m[39m[31m[1m^[22m
[39m[31m[1m^[22m[39m
[31m[1m^[22m[39m[31
m[1m^[22m[39m[31m[1
m^[22m[39m[31m[1m^[
22m[39m[31m[1m^[22m
[39m[31m[1m^[22m[39m
[31m[1m^[22m[39m[31
m[1m^[22m[39m[31m[1
m^[22m[39m[31m[1m^[
22m[39m[31m[1m^[22m
[39m[31m[1m^[22m[39m
[31m[1m^[22m[39m[31
m[1m^[22m[39m[31m[1
m^[22m[39m[31m[1m^[
22m[39m[31m[1m^[22m
[39m[31m[1m^[22m[39m
[31m[1m^[22m[39m[31
m[1m^[22m[39m[31m[1
m^[22m[39m[31m[1m^[
22m[39m[31m[1m^[22m
[39m[31m[1m^[22m[39m
[31m[1m^[22m[39m[31
m[1m^[22m[39m[31m[1
m^[22m[39m[31m[1m^[
22m[39m[31m[1m^[22m
[39m[31m[1m^[22m[39m
[31m[1m^[22m[39m[31
m[1m^[22m[39m[31m[1
m^[22m[39m[31m[1m^[
22m[39m[31m[1m^[22m
[39m[31m[1m^[22m[39m
[31m[1m^[22m[39m[31
m[1m^[22m[39m[31m[1
m^[22m[39m
 [90m 6 |[39m 
[36mimport[39m 
[33m*[39m 
[36mas[39m 
[33mTHREE[39m 
[36mfrom[39m [32m'thr
ee'[39m[33m;[39m
 [90m 7 |[39m 
[36mimport[39m { [33m
EffectComposer[39m[33m
,[39m [33mBloom[39m[
33m,[39m [33mChromatic
Aberration[39m } 
[36mfrom[39m [32m'@re
act-three/postprocessing
'[39m[33m;[39m
 [90m 8 |[39m[0m



Import trace:
  Client Component 
Browser:
    ./components/3d/Back
groundScene.tsx [Client 
Component Browser]
    ./components/AuthLay
out.tsx [Client 
Component Browser]
    
./app/login/page.tsx 
[Client Component 
Browser]
    
./app/login/page.tsx 
[Server Component]

https://nextjs.org/docs/
messages/module-not-foun
d


./components/AuthLayout.
tsx:5:1
Module not found: Can't 
resolve 'framer-motion'
[0m [90m 3 |[39m 
[36mimport[39m { 
[33mReactNode[39m } 
[36mfrom[39m [32m'rea
ct'[39m[33m;[39m
 [90m 4 |[39m 
[36mimport[39m 
dynamic [36mfrom[39m 
[32m'next/dynamic'[39m
[33m;[39m
[31m[1m>[22m[39m[90
m 5 |[39m 
[36mimport[39m { [33m
AnimatePresence[39m[33
m,[39m motion } 
[36mfrom[39m [32m'fra
mer-motion'[39m[33m;[
39m
 [90m   |[39m [31m[1
m^[22m[39m[31m[1m^[
22m[39m[31m[1m^[22m
[39m[31m[1m^[22m[39m
[31m[1m^[22m[39m[31
m[1m^[22m[39m[31m[1
m^[22m[39m[31m[1m^[
22m[39m[31m[1m^[22m
[39m[31m[1m^[22m[39m
[31m[1m^[22m[39m[31
m[1m^[22m[39m[31m[1
m^[22m[39m[31m[1m^[
22m[39m[31m[1m^[22m
[39m[31m[1m^[22m[39m
[31m[1m^[22m[39m[31
m[1m^[22m[39m[31m[1
m^[22m[39m[31m[1m^[
22m[39m[31m[1m^[22m
[39m[31m[1m^[22m[39m
[31m[1m^[22m[39m[31
m[1m^[22m[39m[31m[1
m^[22m[39m[31m[1m^[
22m[39m[31m[1m^[22m
[39m[31m[1m^[22m[39m
[31m[1m^[22m[39m[31
m[1m^[22m[39m[31m[1
m^[22m[39m[31m[1m^[
22m[39m[31m[1m^[22m
[39m[31m[1m^[22m[39m
[31m[1m^[22m[39m[31
m[1m^[22m[39m[31m[1
m^[22m[39m[31m[1m^[
22m[39m[31m[1m^[22m
[39m[31m[1m^[22m[39m
[31m[1m^[22m[39m[31
m[1m^[22m[39m[31m[1
m^[22m[39m[31m[1m^[
22m[39m[31m[1m^[22m
[39m[31m[1m^[22m[39m
[31m[1m^[22m[39m[31
m[1m^[22m[39m[31m[1
m^[22m[39m[31m[1m^[
22m[39m[31m[1m^[22m
[39m[31m[1m^[22m[39m
[31m[1m^[22m[39m[31
m[1m^[22m[39m[31m[1
m^[22m[39m[31m[1m^[
22m[39m
 [90m 6 |[39m
 [90m 7 |[39m [90m// 
Dynamically import 
Three.js scene to avoid 
SSR issues[39m
 [90m 8 |[39m 
[36mconst[39m [33mBac
kgroundScene[39m 
[33m=[39m dynamic(() 
[33m=>[39m [36mimport
[39m([32m'@/components
/3d/BackgroundScene'[39
m)[33m,[39m { 
ssr[33m:[39m 
[36mfalse[39m 
})[33m;[39m[0m



Import traces:
  Client Component 
Browser:
    ./components/AuthLay
out.tsx [Client 
Component Browser]
    
./app/login/page.tsx 
[Client Component 
Browser]
    
./app/login/page.tsx 
[Server Component]

  Client Component SSR:
    ./components/AuthLay
out.tsx [Client 
Component SSR]
    
./app/login/page.tsx 
[Client Component SSR]
    
./app/login/page.tsx 
[Server Component]

https://nextjs.org/docs/
messages/module-not-foun
d


./components/ui/LiquidIn
put.tsx:3:1
Module not found: Can't 
resolve 'framer-motion'
[0m [90m 1 |[39m 
[32m'use 
client'[39m[33m;[39m
 [90m 2 |[39m
[31m[1m>[22m[39m[90
m 3 |[39m 
[36mimport[39m { 
motion } [36mfrom[39m 
[32m'framer-motion'[39
m[33m;[39m
 [90m   |[39m [31m[1
m^[22m[39m[31m[1m^[
22m[39m[31m[1m^[22m
[39m[31m[1m^[22m[39m
[31m[1m^[22m[39m[31
m[1m^[22m[39m[31m[1
m^[22m[39m[31m[1m^[
22m[39m[31m[1m^[22m
[39m[31m[1m^[22m[39m
[31m[1m^[22m[39m[31
m[1m^[22m[39m[31m[1
m^[22m[39m[31m[1m^[
22m[39m[31m[1m^[22m
[39m[31m[1m^[22m[39m
[31m[1m^[22m[39m[31
m[1m^[22m[39m[31m[1
m^[22m[39m[31m[1m^[
22m[39m[31m[1m^[22m
[39m[31m[1m^[22m[39m
[31m[1m^[22m[39m[31
m[1m^[22m[39m[31m[1
m^[22m[39m[31m[1m^[
22m[39m[31m[1m^[22m
[39m[31m[1m^[22m[39m
[31m[1m^[22m[39m[31
m[1m^[22m[39m[31m[1
m^[22m[39m[31m[1m^[
22m[39m[31m[1m^[22m
[39m[31m[1m^[22m[39m
[31m[1m^[22m[39m[31
m[1m^[22m[39m[31m[1
m^[22m[39m[31m[1m^[
22m[39m[31m[1m^[22m
[39m
 [90m 4 |[39m 
[36mimport[39m [33mRe
act[39m[33m,[39m { [
33mInputHTMLAttributes[
39m } [36mfrom[39m [3
2m'react'[39m[33m;[39
m
 [90m 5 |[39m
 [90m 6 |[39m 
[36minterface[39m [33
mLiquidInputProps[39m 
[36mextends[39m [33mI
nputHTMLAttributes[39m
[33m<[39m[33mHTMLInput
Element[39m[33m>[39m 
{[0m



Import traces:
  Client Component 
Browser:
    ./components/ui/Liqu
idInput.tsx [Client 
Component Browser]
    
./app/login/page.tsx 
[Client Component 
Browser]
    
./app/login/page.tsx 
[Server Component]

  Client Component SSR:
    ./components/ui/Liqu
idInput.tsx [Client 
Component SSR]
    
./app/login/page.tsx 
[Client Component SSR]
    
./app/login/page.tsx 
[Server Component]

https://nextjs.org/docs/
messages/module-not-foun
d


./components/ui/NeonButt
on.tsx:3:1
Module not found: Can't 
resolve 'framer-motion'
[0m [90m 1 |[39m 
[32m'use 
client'[39m[33m;[39m
 [90m 2 |[39m
[31m[1m>[22m[39m[90
m 3 |[39m 
[36mimport[39m { 
motion } [36mfrom[39m 
[32m'framer-motion'[39
m[33m;[39m
 [90m   |[39m [31m[1
m^[22m[39m[31m[1m^[
22m[39m[31m[1m^[22m
[39m[31m[1m^[22m[39m
[31m[1m^[22m[39m[31
m[1m^[22m[39m[31m[1
m^[22m[39m[31m[1m^[
22m[39m[31m[1m^[22m
[39m[31m[1m^[22m[39m
[31m[1m^[22m[39m[31
m[1m^[22m[39m[31m[1
m^[22m[39m[31m[1m^[
22m[39m[31m[1m^[22m
[39m[31m[1m^[22m[39m
[31m[1m^[22m[39m[31
m[1m^[22m[39m[31m[1
m^[22m[39m[31m[1m^[
22m[39m[31m[1m^[22m
[39m[31m[1m^[22m[39m
[31m[1m^[22m[39m[31
m[1m^[22m[39m[31m[1
m^[22m[39m[31m[1m^[
22m[39m[31m[1m^[22m
[39m[31m[1m^[22m[39m
[31m[1m^[22m[39m[31
m[1m^[22m[39m[31m[1
m^[22m[39m[31m[1m^[
22m[39m[31m[1m^[22m
[39m[31m[1m^[22m[39m
[31m[1m^[22m[39m[31
m[1m^[22m[39m[31m[1
m^[22m[39m[31m[1m^[
22m[39m[31m[1m^[22m
[39m
 [90m 4 |[39m 
[36mimport[39m [33mRe
act[39m[33m,[39m { [
33mButtonHTMLAttributes
[39m } [36mfrom[39m [
32m'react'[39m[33m;[3
9m
 [90m 5 |[39m
 [90m 6 |[39m 
[36minterface[39m [33
mNeonButtonProps[39m 
[36mextends[39m [33mB
uttonHTMLAttributes[39m
[33m<[39m[33mHTMLButt
onElement[39m[33m>[39
m {[0m



Import traces:
  Client Component 
Browser:
    ./components/ui/Neon
Button.tsx [Client 
Component Browser]
    
./app/login/page.tsx 
[Client Component 
Browser]
    
./app/login/page.tsx 
[Server Component]

  Client Component SSR:
    ./components/ui/Neon
Button.tsx [Client 
Component SSR]
    
./app/login/page.tsx 
[Client Component SSR]
    
./app/login/page.tsx 
[Server Component]

https://nextjs.org/docs/
messages/module-not-foun
d


    at <unknown> (./comp
onents/3d/BackgroundScen
e.tsx:5:1)
    at <unknown> (https:
//nextjs.org/docs/messag
es/module-not-found)
    at <unknown> (./comp
onents/AuthLayout.tsx:5:
1)
    at <unknown> (https:
//nextjs.org/docs/messag
es/module-not-found)
    at <unknown> (./comp
onents/ui/LiquidInput.ts
x:3:1)
    at <unknown> (https:
//nextjs.org/docs/messag
es/module-not-found)
    at <unknown> (./comp
onents/ui/NeonButton.tsx
:3:1)
    at <unknown> (https:
//nextjs.org/docs/messag
es/module-not-found)
