[enzodisneyredesign.framer.website/index.html]
[backblue.gif]
[fade.gif]
[index.html]
[framerusercontent.com/sites/icons/default-favicon-light.v1.png]
[framerusercontent.com/sites/icons/default-favicon-dark.v1.png]
[framerusercontent.com/sites/icons/default-touch-icon.v3.png]
[framerusercontent.com/images/FAl8aP4K0mrn2ab5XQQyz5kcSg.png]
[framerusercontent.com/images/O1FJcPSRmG94p232sPGEJWhAI.png]
[framerusercontent.com/images/SP30lV5NwTAG75FrcZZlUuitVnw.png]
[framerusercontent.com/images/lpYeXwAbvP79DjJeDq6ipFob5w.png]
[framerusercontent.com/images/6xN7x3tugDo2Nt15tKz0brKomw.png]
[framerusercontent.com/images/nPSQwmyhtIjemtP95VGrkU2lO18.png]
[framerusercontent.com/images/hJhQSO9ZbIunAAYuUUwweAXLQ.gif]
[framerusercontent.com/images/idBpu9EfFztOdUg0nFq70Z5Pl3s.png]
[framerusercontent.com/images/TgnxG8ZiMYr2V63Fe5wRk7sMeQ.png]
[framerusercontent.com/images/Ysfvfyukwm1V2Ra9j2m31wHQ.png]
[framerusercontent.com/images/6xy0NLoljZ56LoFi4NOxOGAZg.png]
[framerusercontent.com/images/gpiedjcYaEgekgory3sflJiSBkQ.png]
[framerusercontent.com/images/bCnNlmnbfbk3MX0a4hUQREMrno.png]
[framerusercontent.com/images/9JcCMrwwCHvY08alJGt0xlzT0g.png]
[framerusercontent.com/images/01F0ojHYY7yfP5mEQcBEtXImI4U.png]
[framerusercontent.com/images/gao5ZpIuEw88zNYJFea17GSAts.png]
[framerusercontent.com/images/j2WBBJ4r4LnZ3nY5DgAU7FqRH3U.png]
[framerusercontent.com/images/BkyagXyIQZxnnl1hUPbReeII.png]
[framerusercontent.com/images/8dqHh41MIAoFZwaIKux7XvNwo.png]
[framerusercontent.com/images/hYnhU3RBk7o234yQXkERmR91E.png]
[framerusercontent.com/images/Mfyg9CWHASIhQRivmTC9dCQRXo.png]
[enzodisneyredesign.framer.website/index.html]
